PS C:\Dev\pesquisa360_backend> docker-compose exec api alembic upgrade head
time="2025-11-14T20:43:02-03:00" level=warning msg="C:\\Dev\\pesquisa360_backend\\docker-compose.yml: the attribute `version` is obsolete, it will be ignored, please remove it to avoid potential confusion"
INFO  [alembic.runtime.migration] Context impl PostgresqlImpl.
INFO  [alembic.runtime.migration] Will assume transactional DDL.
INFO  [alembic.runtime.migration] Running upgrade  -> 585bce4dc799, Cria tabelas perfis e usuarios manualmente
INFO  [alembic.runtime.migration] Running upgrade 585bce4dc799 -> 2fb2c10a30a1, Adiciona tabelas projetos e pesquisas manualmente
INFO  [alembic.runtime.migration] Running upgrade 2fb2c10a30a1 -> 89c139bfcbe9, Adiciona tabela de perguntas manualmente
INFO  [alembic.runtime.migration] Running upgrade 89c139bfcbe9 -> 7aa2d03b52b5, Adiciona tabelas coletas e respostas manualmente
INFO  [alembic.runtime.migration] Running upgrade 7aa2d03b52b5 -> a5a73a29317e, Adiciona campo ativo a perguntas
INFO  [alembic.runtime.migration] Running upgrade a5a73a29317e -> 0a7c5d879687, Adiciona campo ativo a pesquisas
INFO  [alembic.runtime.migration] Running upgrade 0a7c5d879687 -> 31c96b68a9fb, Adiciona campos de geofencing a pesquisas e coletas
INFO  [alembic.runtime.migration] Running upgrade 31c96b68a9fb -> e3304b309d48, adiciona datas ao projeto
Traceback (most recent call last):
  File "/usr/local/lib/python3.13/site-packages/sqlalchemy/engine/base.py", line 1961, in _exec_single_context
    self.dialect.do_execute(
    ~~~~~~~~~~~~~~~~~~~~~~~^
        cursor, str_statement, effective_parameters, context
        ^^^^^^^^^^^^^^^^^^^^^^^^^^^^^^^^^^^^^^^^^^^^^^^^^^^^
    )
    ^
  File "/usr/local/lib/python3.13/site-packages/sqlalchemy/engine/default.py", line 944, in do_execute
    cursor.execute(statement, parameters)
    ~~~~~~~~~~~~~~^^^^^^^^^^^^^^^^^^^^^^^
psycopg2.errors.DuplicateColumn: column "data_inicio" of relation "projetos" already exists


The above exception was the direct cause of the following exception:

Traceback (most recent call last):
  File "/usr/local/bin/alembic", line 8, in <module>
    sys.exit(main())
             ~~~~^^
  File "/usr/local/lib/python3.13/site-packages/alembic/config.py", line 1016, in main
    CommandLine(prog=prog).main(argv=argv)
    ~~~~~~~~~~~~~~~~~~~~~~~~~~~^^^^^^^^^^^
  File "/usr/local/lib/python3.13/site-packages/alembic/config.py", line 1006, in main
    self.run_cmd(cfg, options)
    ~~~~~~~~~~~~^^^^^^^^^^^^^^
  File "/usr/local/lib/python3.13/site-packages/alembic/config.py", line 940, in run_cmd
    fn(
    ~~^
        config,
        ^^^^^^^
        *[getattr(options, k, None) for k in positional],
        ^^^^^^^^^^^^^^^^^^^^^^^^^^^^^^^^^^^^^^^^^^^^^^^^^
        **{k: getattr(options, k, None) for k in kwarg},
        ^^^^^^^^^^^^^^^^^^^^^^^^^^^^^^^^^^^^^^^^^^^^^^^^
    )
    ^
  File "/usr/local/lib/python3.13/site-packages/alembic/command.py", line 483, in upgrade
    script.run_env()
    ~~~~~~~~~~~~~~^^
  File "/usr/local/lib/python3.13/site-packages/alembic/script/base.py", line 549, in run_env
    util.load_python_file(self.dir, "env.py")
    ~~~~~~~~~~~~~~~~~~~~~^^^^^^^^^^^^^^^^^^^^
  File "/usr/local/lib/python3.13/site-packages/alembic/util/pyfiles.py", line 116, in load_python_file
    module = load_module_py(module_id, path)
  File "/usr/local/lib/python3.13/site-packages/alembic/util/pyfiles.py", line 136, in load_module_py
    spec.loader.exec_module(module)  # type: ignore
    ~~~~~~~~~~~~~~~~~~~~~~~^^^^^^^^
  File "<frozen importlib._bootstrap_external>", line 1027, in exec_module
  File "<frozen importlib._bootstrap>", line 488, in _call_with_frames_removed
  File "/app/migrations/env.py", line 100, in <module>
    run_migrations_online()
    ~~~~~~~~~~~~~~~~~~~~~^^
  File "/app/migrations/env.py", line 94, in run_migrations_online
    context.run_migrations()
    ~~~~~~~~~~~~~~~~~~~~~~^^
  File "<string>", line 8, in run_migrations
  File "/usr/local/lib/python3.13/site-packages/alembic/runtime/environment.py", line 946, in run_migrations
    self.get_context().run_migrations(**kw)
    ~~~~~~~~~~~~~~~~~~~~~~~~~~~~~~~~~^^^^^^
  File "/usr/local/lib/python3.13/site-packages/alembic/runtime/migration.py", line 627, in run_migrations
    step.migration_fn(**kw)
    ~~~~~~~~~~~~~~~~~^^^^^^
  File "/app/migrations/versions/e3304b309d48_adiciona_datas_ao_projeto.py", line 22, in upgrade
    op.add_column('projetos', sa.Column('data_inicio', sa.Date(), nullable=False, server_default=sa.text('CURRENT_DATE')))
    ~~~~~~~~~~~~~^^^^^^^^^^^^^^^^^^^^^^^^^^^^^^^^^^^^^^^^^^^^^^^^^^^^^^^^^^^^^^^^^^^^^^^^^^^^^^^^^^^^^^^^^^^^^^^^^^^^^^^^^
  File "<string>", line 8, in add_column
  File "<string>", line 3, in add_column
  File "/usr/local/lib/python3.13/site-packages/alembic/operations/ops.py", line 2186, in add_column
    return operations.invoke(op)
           ~~~~~~~~~~~~~~~~~^^^^
  File "/usr/local/lib/python3.13/site-packages/alembic/operations/base.py", line 441, in invoke
    return fn(self, operation)
  File "/usr/local/lib/python3.13/site-packages/alembic/operations/toimpl.py", line 175, in add_column
    operations.impl.add_column(
    ~~~~~~~~~~~~~~~~~~~~~~~~~~^
        table_name,
        ^^^^^^^^^^^
    ...<3 lines>...
        **kw,
        ^^^^^
    )
    ^
  File "/usr/local/lib/python3.13/site-packages/alembic/ddl/impl.py", line 378, in add_column
    self._exec(
    ~~~~~~~~~~^
        base.AddColumn(
        ^^^^^^^^^^^^^^^
    ...<4 lines>...
        )
        ^
    )
    ^
  File "/usr/local/lib/python3.13/site-packages/alembic/ddl/impl.py", line 246, in _exec
    return conn.execute(construct, params)
           ~~~~~~~~~~~~^^^^^^^^^^^^^^^^^^^
  File "/usr/local/lib/python3.13/site-packages/sqlalchemy/engine/base.py", line 1413, in execute
    return meth(
        self,
        distilled_parameters,
        execution_options or NO_OPTIONS,
    )
  File "/usr/local/lib/python3.13/site-packages/sqlalchemy/sql/ddl.py", line 187, in _execute_on_connection
    return connection._execute_ddl(
           ~~~~~~~~~~~~~~~~~~~~~~~^
        self, distilled_params, execution_options
        ^^^^^^^^^^^^^^^^^^^^^^^^^^^^^^^^^^^^^^^^^
    )
    ^
  File "/usr/local/lib/python3.13/site-packages/sqlalchemy/engine/base.py", line 1524, in _execute_ddl
    ret = self._execute_context(
        dialect,
    ...<4 lines>...
        compiled,
    )
  File "/usr/local/lib/python3.13/site-packages/sqlalchemy/engine/base.py", line 1840, in _execute_context
    return self._exec_single_context(
           ~~~~~~~~~~~~~~~~~~~~~~~~~^
        dialect, context, statement, parameters
        ^^^^^^^^^^^^^^^^^^^^^^^^^^^^^^^^^^^^^^^
    )
    ^
  File "/usr/local/lib/python3.13/site-packages/sqlalchemy/engine/base.py", line 1980, in _exec_single_context
    self._handle_dbapi_exception(
    ~~~~~~~~~~~~~~~~~~~~~~~~~~~~^
        e, str_statement, effective_parameters, cursor, context
        ^^^^^^^^^^^^^^^^^^^^^^^^^^^^^^^^^^^^^^^^^^^^^^^^^^^^^^^
    )
    ^
  File "/usr/local/lib/python3.13/site-packages/sqlalchemy/engine/base.py", line 2349, in _handle_dbapi_exception
    raise sqlalchemy_exception.with_traceback(exc_info[2]) from e
  File "/usr/local/lib/python3.13/site-packages/sqlalchemy/engine/base.py", line 1961, in _exec_single_context
    self.dialect.do_execute(
    ~~~~~~~~~~~~~~~~~~~~~~~^
        cursor, str_statement, effective_parameters, context
        ^^^^^^^^^^^^^^^^^^^^^^^^^^^^^^^^^^^^^^^^^^^^^^^^^^^^
    )
    ^
  File "/usr/local/lib/python3.13/site-packages/sqlalchemy/engine/default.py", line 944, in do_execute
    cursor.execute(statement, parameters)
    ~~~~~~~~~~~~~~^^^^^^^^^^^^^^^^^^^^^^^
sqlalchemy.exc.ProgrammingError: (psycopg2.errors.DuplicateColumn) column "data_inicio" of relation "projetos" already exists

[SQL: ALTER TABLE projetos ADD COLUMN data_inicio DATE DEFAULT CURRENT_DATE NOT NULL]
(Background on this error at: https://sqlalche.me/e/20/f405)